// Jest Snapshot v1, https://goo.gl/fbAQLP

exports[`<ToggleTheme /> Should render input and toggle between theme when toggling input 1`] = `
.c0 {
  position: fixed;
  bottom: 5rem;
  right: 0rem;
  z-index: 2;
}

.c1 {
  position: relative;
  display: inline-block;
  width: 8.9rem;
  height: 4.5rem;
  line-height: 0;
  font-size: 0;
  overflow: hidden;
  color: rgba(0,0,0,0);
}

.c5:checked + .c3 {
  background: #FFFFFE;
}

.c5:focus + .c3 {
  box-shadow: 0 0 1px #6246EA;
}

.c5:checked + .c3:before {
  -webkit-transform: translateX(4rem);
  -ms-transform: translateX(4rem);
  transform: translateX(4rem);
  background: #6246EA;
}

.c2 {
  -webkit-appearance: none;
  -moz-appearance: none;
  appearance: none;
  opacity: 0;
  width: 0;
  height: 0;
}

.c2:checked + .c3 {
  background: #2B2C34;
}

.c2:focus + .c3 {
  box-shadow: 0 0 1px #6246EA;
}

.c2:checked + .c3:before {
  -webkit-transform: translateX(4rem);
  -ms-transform: translateX(4rem);
  transform: translateX(4rem);
  background: #6246EA;
}

.c4 {
  position: absolute;
  cursor: pointer;
  top: 0;
  left: 0;
  right: 0;
  bottom: 0;
  background: #E4E5E9;
  -webkit-transition: all 300ms ease-in-out;
  transition: all 300ms ease-in-out;
  border-radius: 2rem;
  box-shadow: 0 0 50px #E4E5E9;
}

.c4:before {
  content: '';
  position: absolute;
  height: 4.1rem;
  width: 4.1rem;
  left: 0.4rem;
  bottom: 0.2rem;
  background: #6246EA;
  border-radius: 50%;
  -webkit-transition: all 300ms ease-in-out;
  transition: all 300ms ease-in-out;
}

<div>
  <div
    class="c0"
  >
    <label
      class="c1"
    >
      toggle change theme
      <input
        class="c2"
        type="checkbox"
        value="Dark mode active"
      />
      <span
        class="c3 c4"
      />
    </label>
  </div>
</div>
`;
