// Jest Snapshot v1, https://goo.gl/fbAQLP

exports[`<Footer> Should match snapshot footer component 1`] = `
.c0 {
  background-color: #FFFFFE;
  width: 100%;
  padding: 5rem;
  box-shadow: 1px 0 1rem 0 rgba(0,0,0,0.2);
  display: -webkit-box;
  display: -webkit-flex;
  display: -ms-flexbox;
  display: flex;
}

.c1 {
  display: -webkit-box;
  display: -webkit-flex;
  display: -ms-flexbox;
  display: flex;
  -webkit-box-pack: center;
  -webkit-justify-content: center;
  -ms-flex-pack: center;
  justify-content: center;
  -webkit-flex-direction: column;
  -ms-flex-direction: column;
  flex-direction: column;
  -webkit-align-items: center;
  -webkit-box-align: center;
  -ms-flex-align: center;
  align-items: center;
  gap: 2.156rem;
  -webkit-flex: 1;
  -ms-flex: 1;
  flex: 1;
}

.c4 {
  display: -webkit-box;
  display: -webkit-flex;
  display: -ms-flexbox;
  display: flex;
  gap: 2rem;
  -webkit-box-pack: center;
  -webkit-justify-content: center;
  -ms-flex-pack: center;
  justify-content: center;
  width: 40%;
  -webkit-text-decoration: none;
  text-decoration: none;
  color: #2B2C34;
}

.c4 a {
  color: #2B2C34;
}

.c4 svg {
  cursor: pointer;
  font-size: 25px;
  -webkit-transition: all 0.4s ease;
  transition: all 0.4s ease;
}

.c4 svg:hover {
  -webkit-transform: scale(1.1);
  -ms-transform: scale(1.1);
  transform: scale(1.1);
}

.c2 {
  font-family: 'Plus Jakarta Sans','sans-serif';
  font-style: normal;
  font-weight: 600;
  font-size: 3.576rem;
  line-height: 45px;
  position: relative;
}

.c2::first-letter {
  color: #6246EA;
}

.c2::after {
  content: '.blog';
  font-family: 'Plus Jakarta Sans','sans-serif';
  font-style: normal;
  font-weight: 600;
  font-size: 2.156rem;
  color: #6246EA;
}

.c3 {
  font-family: 'Plus Jakarta Sans','sans-serif';
  font-style: normal;
  font-weight: 700;
  line-height: 1.2;
  text-transform: capitalize;
  font-size: 1.617rem;
  text-transform: none;
  color: #2B2C34;
}

.c5 {
  cursor: pointer;
  color: #2B2C34;
}

@media (max-width:700px) {
  .c0 {
    -webkit-flex-direction: column;
    -ms-flex-direction: column;
    flex-direction: column;
    gap: 4rem;
    padding: 5rem;
  }
}

<footer
  class="c0"
  id="footer"
>
  <aside
    class="c1"
  >
    <div
      class="c2"
    >
      BlogZin
    </div>
    <h6
      class="c3"
    >
      Criado por Mateus Duarte
    </h6>
    <div
      class="c4"
    >
      <a
        class="c5"
        href="https://github.com/MattDuarte1"
        rel="noreferrer"
        target="_blank"
      >
        <svg
          fill="currentColor"
          height="1em"
          stroke="currentColor"
          stroke-width="0"
          viewBox="0 0 24 24"
          width="1em"
          xmlns="http://www.w3.org/2000/svg"
        >
          <g>
            <path
              d="M0 0h24v24H0z"
              fill="none"
            />
            <path
              d="M12 2C6.475 2 2 6.475 2 12a9.994 9.994 0 0 0 6.838 9.488c.5.087.687-.213.687-.476 0-.237-.013-1.024-.013-1.862-2.512.463-3.162-.612-3.362-1.175-.113-.288-.6-1.175-1.025-1.413-.35-.187-.85-.65-.013-.662.788-.013 1.35.725 1.538 1.025.9 1.512 2.338 1.087 2.912.825.088-.65.35-1.087.638-1.337-2.225-.25-4.55-1.113-4.55-4.938 0-1.088.387-1.987 1.025-2.688-.1-.25-.45-1.275.1-2.65 0 0 .837-.262 2.75 1.026a9.28 9.28 0 0 1 2.5-.338c.85 0 1.7.112 2.5.337 1.912-1.3 2.75-1.024 2.75-1.024.55 1.375.2 2.4.1 2.65.637.7 1.025 1.587 1.025 2.687 0 3.838-2.337 4.688-4.562 4.938.362.312.675.912.675 1.85 0 1.337-.013 2.412-.013 2.75 0 .262.188.574.688.474A10.016 10.016 0 0 0 22 12c0-5.525-4.475-10-10-10z"
            />
          </g>
        </svg>
      </a>
      <a
        class="c5"
        href="https://www.linkedin.com/in/mateus-duarte-aa2a1b1b3/"
        rel="noreferrer"
        target="_blank"
      >
        <svg
          fill="currentColor"
          height="1em"
          stroke="currentColor"
          stroke-width="0"
          viewBox="0 0 24 24"
          width="1em"
          xmlns="http://www.w3.org/2000/svg"
        >
          <g>
            <path
              d="M0 0h24v24H0z"
              fill="none"
            />
            <path
              d="M12 9.55C12.917 8.613 14.111 8 15.5 8a5.5 5.5 0 0 1 5.5 5.5V21h-2v-7.5a3.5 3.5 0 0 0-7 0V21h-2V8.5h2v1.05zM5 6.5a1.5 1.5 0 1 1 0-3 1.5 1.5 0 0 1 0 3zm-1 2h2V21H4V8.5z"
            />
          </g>
        </svg>
      </a>
    </div>
    <a
      class="c5"
      href="/api/preview?pass=9214984e8f485ds4f8ds4f8438r4w98f4s6d541c"
      target="_self"
    >
      <h1
        class="c3"
      >
        Ativar/Desativar Modo Real-Time
      </h1>
    </a>
  </aside>
</footer>
`;
