// Jest Snapshot v1, https://goo.gl/fbAQLP

exports[`<Categories /> Should match snapshot categories component 1`] = `
.c2 {
  font-family: 'Plus Jakarta Sans','sans-serif';
  font-style: normal;
  font-weight: 700;
  line-height: 1.2;
  text-transform: capitalize;
  font-size: 3.576rem;
  text-transform: none;
  color: #2B2C34;
}

.c4 {
  display: -webkit-box;
  display: -webkit-flex;
  display: -ms-flexbox;
  display: flex;
  -webkit-align-items: center;
  -webkit-box-align: center;
  -ms-flex-align: center;
  align-items: center;
  padding-left: 3.576rem;
  width: 220px;
  height: 280px;
  color: #2B2C34;
  background-color: #FFFFFE;
  -webkit-filter: drop-shadow(4px 6px 13px rgba(0,0,0,0.1));
  filter: drop-shadow(4px 6px 13px rgba(0,0,0,0.1));
  border-radius: 8px;
  cursor: pointer;
}

.c4 > div {
  display: -webkit-box;
  display: -webkit-flex;
  display: -ms-flexbox;
  display: flex;
  -webkit-flex-direction: column;
  -ms-flex-direction: column;
  flex-direction: column;
  -webkit-align-items: flex-start;
  -webkit-box-align: flex-start;
  -ms-flex-align: flex-start;
  align-items: flex-start;
  text-align: center;
  padding: 0px;
  gap: 30px;
}

.c4:hover {
  background-color: #6246EA;
  color: white;
}

.c0 {
  display: block;
  padding: 6.4rem;
  background-color: #FFFFFE;
  width: 100%;
  height: 100%;
}

.c1 {
  display: -webkit-box;
  display: -webkit-flex;
  display: -ms-flexbox;
  display: flex;
  -webkit-box-pack: center;
  -webkit-justify-content: center;
  -ms-flex-pack: center;
  justify-content: center;
  margin-bottom: 2rem;
}

.c3 {
  display: -webkit-box;
  display: -webkit-flex;
  display: -ms-flexbox;
  display: flex;
  -webkit-flex-flow: row wrap;
  -ms-flex-flow: row wrap;
  flex-flow: row wrap;
  -webkit-box-pack: center;
  -webkit-justify-content: center;
  -ms-flex-pack: center;
  justify-content: center;
  min-width: 100%;
  height: 100%;
  gap: 37px;
}

@media (max-width:400px) {
  .c2 {
    font-size: 2.4rem;
  }
}

@media (max-width:400px) {
  .c4 {
    width: 80%;
  }
}

@media (max-width:700px) {
  .c0 {
    padding: 2.4rem;
  }
}

@media (max-width:400px) {
  .c3 div {
    width: 100%;
  }
}

<section
  class="c0"
  id="categoria"
>
  <div
    class="c1"
  >
    <h1
      class="c2"
      color="black"
    >
      Categorias
    </h1>
  </div>
  <section
    class="c3"
  >
    <article
      aria-details="javascript"
      class="c4"
      id="1"
    >
      <div>
        <img
          alt="javascript"
          src="/javascript"
        />
        <h1>
          javascript
        </h1>
      </div>
    </article>
    <article
      aria-details="css"
      class="c4"
      id="2"
    >
      <div>
        <img
          alt="css"
          src="/css"
        />
        <h1>
          css
        </h1>
      </div>
    </article>
    <article
      aria-details="react"
      class="c4"
      id="3"
    >
      <div>
        <img
          alt="react"
          src="/react"
        />
        <h1>
          react
        </h1>
      </div>
    </article>
    <article
      aria-details="tailwind"
      class="c4"
      id="4"
    >
      <div>
        <img
          alt="tailwind"
          src="/tailwind"
        />
        <h1>
          tailwind
        </h1>
      </div>
    </article>
  </section>
</section>
`;
