// Jest Snapshot v1, https://goo.gl/fbAQLP

exports[`<Drawer> Should match snapshot drawer open 1`] = `
.c0 {
  position: fixed;
  right: 0px;
  top: 0px;
  width: 100vw;
  -webkit-transform: translateX(0%);
  -ms-transform: translateX(0%);
  transform: translateX(0%);
  height: 100vh;
  background-color: rgba(0,0,0,0.48);
  z-index: 100;
  -webkit-transition: all 0.8s ease-in-out;
  transition: all 0.8s ease-in-out;
}

.c1 {
  position: fixed;
  right: 1px;
  top: 0px;
  bottom: 0px;
  width: 285px;
  padding: 25px;
  height: inherit;
  background-color: #FFFFFE;
  z-index: 110;
  -webkit-transition: all 1s ease;
  transition: all 1s ease;
}

.c1 > svg {
  position: absolute;
  top: 10px;
  right: 2rem;
  font-size: 3.576rem;
  color: #2B2C34;
  cursor: pointer;
  -webkit-transition: all 0.5s ease;
  transition: all 0.5s ease;
}

.c1 > svg:hover {
  color: #6246EA;
  -webkit-transform: scale(1.1);
  -ms-transform: scale(1.1);
  transform: scale(1.1);
}

.c5 {
  font-family: 'Plus Jakarta Sans','sans-serif';
  font-style: normal;
  font-weight: 600;
  font-size: 1.617rem;
  line-height: 25px;
  text-transform: capitalize;
  color: #2B2C34;
  cursor: pointer;
  display: -webkit-box;
  display: -webkit-flex;
  display: -ms-flexbox;
  display: flex;
  -webkit-box-pack: center;
  -webkit-justify-content: center;
  -ms-flex-pack: center;
  justify-content: center;
  -webkit-align-items: center;
  -webkit-box-align: center;
  -ms-flex-align: center;
  align-items: center;
  gap: 10px;
  max-width: 100px;
  height: 25px;
}

.c3 {
  background: #6246EA;
  border: none;
  border-radius: 25px;
  display: -webkit-box;
  display: -webkit-flex;
  display: -ms-flexbox;
  display: flex;
  -webkit-box-pack: center;
  -webkit-justify-content: center;
  -ms-flex-pack: center;
  justify-content: center;
  -webkit-align-items: center;
  -webkit-box-align: center;
  -ms-flex-align: center;
  align-items: center;
  gap: 0.9rem;
  padding: 1rem;
  cursor: pointer;
}

.c4 {
  font-family: 'Plus Jakarta Sans','sans-serif';
  font-style: normal;
  font-weight: 700;
  line-height: 1.2;
  text-transform: capitalize;
  font-size: 1.617rem;
  text-transform: none;
  color: #2B2C34;
}

.c2 {
  -webkit-flex: 1 1 0%;
  -ms-flex: 1 1 0%;
  flex: 1 1 0%;
  display: -webkit-box;
  display: -webkit-flex;
  display: -ms-flexbox;
  display: flex;
  padding: 2rem;
  width: 100%;
  height: inherit;
  -webkit-box-pack: start;
  -webkit-justify-content: flex-start;
  -ms-flex-pack: start;
  justify-content: flex-start;
  gap: 2rem;
  -webkit-flex-direction: column;
  -ms-flex-direction: column;
  flex-direction: column;
  -webkit-align-items: center;
  -webkit-box-align: center;
  -ms-flex-align: center;
  align-items: center;
}

.c2 > a {
  min-width: 100%;
}

.c2 > a:hover {
  color: #6246EA;
}

<div>
  <div
    aria-expanded="true"
    aria-label="modal-backdrop"
    class="c0"
  >
    <div
      aria-describedby="-modal-"
      class="c1"
      role="dialog"
    >
      <svg
        aria-label="close-button"
        fill="currentColor"
        height="1em"
        stroke="currentColor"
        stroke-width="0"
        viewBox="0 0 512 512"
        width="1em"
        xmlns="http://www.w3.org/2000/svg"
      >
        <path
          d="M405 136.798L375.202 107 256 226.202 136.798 107 107 136.798 226.202 256 107 375.202 136.798 405 256 285.798 375.202 405 405 375.202 285.798 256z"
        />
      </svg>
      <div
        aria-describedby="modal-body"
        class="c2"
      >
        <button
          class="c3"
        >
          <svg
            fill="currentColor"
            height="30"
            stroke="currentColor"
            stroke-width="0"
            viewBox="0 0 480 512"
            width="30"
            xmlns="http://www.w3.org/2000/svg"
          >
            <path
              d="M186.1 328.7c0 20.9-10.9 55.1-36.7 55.1s-36.7-34.2-36.7-55.1 10.9-55.1 36.7-55.1 36.7 34.2 36.7 55.1zM480 278.2c0 31.9-3.2 65.7-17.5 95-37.9 76.6-142.1 74.8-216.7 74.8-75.8 0-186.2 2.7-225.6-74.8-14.6-29-20.2-63.1-20.2-95 0-41.9 13.9-81.5 41.5-113.6-5.2-15.8-7.7-32.4-7.7-48.8 0-21.5 4.9-32.3 14.6-51.8 45.3 0 74.3 9 108.8 36 29-6.9 58.8-10 88.7-10 27 0 54.2 2.9 80.4 9.2 34-26.7 63-35.2 107.8-35.2 9.8 19.5 14.6 30.3 14.6 51.8 0 16.4-2.6 32.7-7.7 48.2 27.5 32.4 39 72.3 39 114.2zm-64.3 50.5c0-43.9-26.7-82.6-73.5-82.6-18.9 0-37 3.4-56 6-14.9 2.3-29.8 3.2-45.1 3.2-15.2 0-30.1-.9-45.1-3.2-18.7-2.6-37-6-56-6-46.8 0-73.5 38.7-73.5 82.6 0 87.8 80.4 101.3 150.4 101.3h48.2c70.3 0 150.6-13.4 150.6-101.3zm-82.6-55.1c-25.8 0-36.7 34.2-36.7 55.1s10.9 55.1 36.7 55.1 36.7-34.2 36.7-55.1-10.9-55.1-36.7-55.1z"
            />
          </svg>
          <h1
            class="c4"
          >
            Conectar com Github
          </h1>
        </button>
        <a
          class="c5"
          href="/#header"
          target="_self"
        >
          Inicio
        </a>
        <a
          class="c5"
          href="/#hero"
          target="_self"
        >
          Sobre
        </a>
        <a
          class="c5"
          href="/#categoria"
          target="_self"
        >
          Categoria
        </a>
        <a
          class="c5"
          href="/#posts"
          target="_self"
        >
          Posts
        </a>
      </div>
    </div>
  </div>
</div>
`;
