// Jest Snapshot v1, https://goo.gl/fbAQLP

exports[`<SubscriptionButton> Should match snapshot SubscriptionButton when the user is logged 1`] = `
.c0 {
  background: #6246EA;
  border: none;
  border-radius: 25px;
  display: -webkit-box;
  display: -webkit-flex;
  display: -ms-flexbox;
  display: flex;
  -webkit-box-pack: center;
  -webkit-justify-content: center;
  -ms-flex-pack: center;
  justify-content: center;
  -webkit-align-items: center;
  -webkit-box-align: center;
  -ms-flex-align: center;
  align-items: center;
  gap: 0.9rem;
  padding: 1rem;
  cursor: pointer;
}

.c1 {
  font-family: 'Plus Jakarta Sans','sans-serif';
  font-style: normal;
  font-weight: 700;
  line-height: 1.2;
  text-transform: capitalize;
  font-size: 1.617rem;
  text-transform: none;
  color: #2B2C34;
}

<button
  class="c0"
>
  <svg
    color="green"
    fill="currentColor"
    height="30"
    stroke="currentColor"
    stroke-width="0"
    style="color: green;"
    viewBox="0 0 480 512"
    width="30"
    xmlns="http://www.w3.org/2000/svg"
  >
    <path
      d="M186.1 328.7c0 20.9-10.9 55.1-36.7 55.1s-36.7-34.2-36.7-55.1 10.9-55.1 36.7-55.1 36.7 34.2 36.7 55.1zM480 278.2c0 31.9-3.2 65.7-17.5 95-37.9 76.6-142.1 74.8-216.7 74.8-75.8 0-186.2 2.7-225.6-74.8-14.6-29-20.2-63.1-20.2-95 0-41.9 13.9-81.5 41.5-113.6-5.2-15.8-7.7-32.4-7.7-48.8 0-21.5 4.9-32.3 14.6-51.8 45.3 0 74.3 9 108.8 36 29-6.9 58.8-10 88.7-10 27 0 54.2 2.9 80.4 9.2 34-26.7 63-35.2 107.8-35.2 9.8 19.5 14.6 30.3 14.6 51.8 0 16.4-2.6 32.7-7.7 48.2 27.5 32.4 39 72.3 39 114.2zm-64.3 50.5c0-43.9-26.7-82.6-73.5-82.6-18.9 0-37 3.4-56 6-14.9 2.3-29.8 3.2-45.1 3.2-15.2 0-30.1-.9-45.1-3.2-18.7-2.6-37-6-56-6-46.8 0-73.5 38.7-73.5 82.6 0 87.8 80.4 101.3 150.4 101.3h48.2c70.3 0 150.6-13.4 150.6-101.3zm-82.6-55.1c-25.8 0-36.7 34.2-36.7 55.1s10.9 55.1 36.7 55.1 36.7-34.2 36.7-55.1-10.9-55.1-36.7-55.1z"
    />
  </svg>
  <h1
    class="c1"
  >
    mateus
  </h1>
  <svg
    data-testid="LogoutIcon"
    fill="currentColor"
    height="30"
    stroke="currentColor"
    stroke-width="0"
    viewBox="0 0 24 24"
    width="30"
    xmlns="http://www.w3.org/2000/svg"
  >
    <path
      d="M0 0h24v24H0z"
      fill="none"
    />
    <path
      d="M19 6.41L17.59 5 12 10.59 6.41 5 5 6.41 10.59 12 5 17.59 6.41 19 12 13.41 17.59 19 19 17.59 13.41 12z"
    />
  </svg>
</button>
`;

exports[`<SubscriptionButton> Should match snapshot SubscriptionButton when the user is not logged 1`] = `
.c0 {
  background: #6246EA;
  border: none;
  border-radius: 25px;
  display: -webkit-box;
  display: -webkit-flex;
  display: -ms-flexbox;
  display: flex;
  -webkit-box-pack: center;
  -webkit-justify-content: center;
  -ms-flex-pack: center;
  justify-content: center;
  -webkit-align-items: center;
  -webkit-box-align: center;
  -ms-flex-align: center;
  align-items: center;
  gap: 0.9rem;
  padding: 1rem;
  cursor: pointer;
}

.c1 {
  font-family: 'Plus Jakarta Sans','sans-serif';
  font-style: normal;
  font-weight: 700;
  line-height: 1.2;
  text-transform: capitalize;
  font-size: 1.617rem;
  text-transform: none;
  color: #2B2C34;
}

<button
  class="c0"
>
  <svg
    fill="currentColor"
    height="30"
    stroke="currentColor"
    stroke-width="0"
    viewBox="0 0 480 512"
    width="30"
    xmlns="http://www.w3.org/2000/svg"
  >
    <path
      d="M186.1 328.7c0 20.9-10.9 55.1-36.7 55.1s-36.7-34.2-36.7-55.1 10.9-55.1 36.7-55.1 36.7 34.2 36.7 55.1zM480 278.2c0 31.9-3.2 65.7-17.5 95-37.9 76.6-142.1 74.8-216.7 74.8-75.8 0-186.2 2.7-225.6-74.8-14.6-29-20.2-63.1-20.2-95 0-41.9 13.9-81.5 41.5-113.6-5.2-15.8-7.7-32.4-7.7-48.8 0-21.5 4.9-32.3 14.6-51.8 45.3 0 74.3 9 108.8 36 29-6.9 58.8-10 88.7-10 27 0 54.2 2.9 80.4 9.2 34-26.7 63-35.2 107.8-35.2 9.8 19.5 14.6 30.3 14.6 51.8 0 16.4-2.6 32.7-7.7 48.2 27.5 32.4 39 72.3 39 114.2zm-64.3 50.5c0-43.9-26.7-82.6-73.5-82.6-18.9 0-37 3.4-56 6-14.9 2.3-29.8 3.2-45.1 3.2-15.2 0-30.1-.9-45.1-3.2-18.7-2.6-37-6-56-6-46.8 0-73.5 38.7-73.5 82.6 0 87.8 80.4 101.3 150.4 101.3h48.2c70.3 0 150.6-13.4 150.6-101.3zm-82.6-55.1c-25.8 0-36.7 34.2-36.7 55.1s10.9 55.1 36.7 55.1 36.7-34.2 36.7-55.1-10.9-55.1-36.7-55.1z"
    />
  </svg>
  <h1
    class="c1"
  >
    Conectar com Github
  </h1>
</button>
`;
